#-----------------------------------------------------------
# Vivado v2019.1 (64-bit)
# SW Build 2552052 on Fri May 24 14:49:42 MDT 2019
# IP Build 2548770 on Fri May 24 18:01:18 MDT 2019
# Start of session at: Sat Aug 16 19:45:12 2025
# Process ID: 19184
# Current directory: C:/Users/Farbo/Desktop/Uni_Stuff/Term_2/Logic_Circuits/Project/CPU_Cache_PR
# Command line: vivado.exe -gui_launcher_event rodinguilauncherevent17908 C:\Users\Farbo\Desktop\Uni_Stuff\Term_2\Logic_Circuits\Project\CPU_Cache_PR\CPU_Cache_PR.xpr
# Log file: C:/Users/Farbo/Desktop/Uni_Stuff/Term_2/Logic_Circuits/Project/CPU_Cache_PR/vivado.log
# Journal file: C:/Users/Farbo/Desktop/Uni_Stuff/Term_2/Logic_Circuits/Project/CPU_Cache_PR\vivado.jou
#-----------------------------------------------------------
start_gui
open_project C:/Users/Farbo/Desktop/Uni_Stuff/Term_2/Logic_Circuits/Project/CPU_Cache_PR/CPU_Cache_PR.xpr
update_compile_order -fileset sources_1
update_compile_order -fileset sources_1
launch_simulation
source Cache_tb.tcl
step
step
step
step
step
step
step
step
step
step
step
step
step
step
step
step
step
step
step
step
step
step
step
step
step
step
step
step
step
step
step
step
step
step
step
step
step
step
step
step
step
step
step
step
step
step
step
step
step
step
step
step
step
step
step
step
step
step
step
step
step
step
step
step
step
step
step
step
step
step
step
step
step
step
step
step
step
step
step
step
step
step
step
step
step
step
step
step
step
step
step
step
step
step
step
step
step
step
step
step
step
step
step
step
step
step
step
step
step
step
step
step
step
step
step
step
step
step
step
step
step
step
step
step
step
step
step
step
step
step
step
step
step
step
step
step
remove_bps -file {C:/Users/Farbo/Desktop/Uni_Stuff/Term_2/Logic_Circuits/Project/CPU_Cache_PR/CPU_Cache_PR.srcs/sources_1/imports/new/cache_tb.v} -line 60
remove_bps -file {C:/Users/Farbo/Desktop/Uni_Stuff/Term_2/Logic_Circuits/Project/CPU_Cache_PR/CPU_Cache_PR.srcs/sources_1/imports/new/cache_tb.v} -line 64
add_bp {C:/Users/Farbo/Desktop/Uni_Stuff/Term_2/Logic_Circuits/Project/CPU_Cache_PR/CPU_Cache_PR.srcs/sources_1/imports/new/main.v} 59
close_sim
launch_simulation
source Cache_tb.tcl
step
step
step
step
step
step
step
step
step
step
step
step
step
step
step
step
step
close_sim
launch_simulation
source Cache_tb.tcl
step
step
step
step
step
step
step
step
step
step
step
step
step
step
step
step
step
step
step
step
step
step
step
step
step
step
step
step
close_sim
launch_simulation
source Cache_tb.tcl
close_sim
launch_simulation
source Cache_tb.tcl
step
step
step
step
step
step
step
step
step
step
step
step
step
step
step
step
close_sim
launch_simulation
source Cache_tb.tcl
step
step
close_sim
launch_simulation
source Cache_tb.tcl
step
step
step
step
step
step
step
step
step
step
step
step
step
step
step
step
step
step
step
step
step
step
step
step
step
step
step
step
step
step
step
step
step
step
step
step
step
step
step
step
step
step
close_sim
launch_simulation
launch_simulation
launch_simulation
source Cache_tb.tcl
step
step
step
step
step
step
step
step
step
step
step
step
step
step
step
step
step
step
step
step
step
step
step
step
step
step
step
step
step
step
step
step
step
step
step
step
step
step
step
step
step
step
close_sim
launch_simulation
source Cache_tb.tcl
step
step
step
step
step
step
step
step
step
step
step
step
step
step
step
step
step
step
step
step
step
step
step
step
step
step
step
step
step
step
step
step
step
step
step
step
step
step
step
step
step
step
step
step
step
step
step
step
step
step
step
step
step
step
step
step
step
step
step
step
step
step
step
step
step
step
step
step
remove_bps -file {C:/Users/Farbo/Desktop/Uni_Stuff/Term_2/Logic_Circuits/Project/CPU_Cache_PR/CPU_Cache_PR.srcs/sources_1/imports/new/main.v} -line 59
close_sim
synth_design -rtl -name rtl_1
update_compile_order -fileset sources_1
update_compile_order -fileset sources_1
synth_design -rtl -name rtl_1
close_design
synth_design -rtl -name rtl_1
close_design
launch_simulation
source Cache_tb.tcl
add_bp {C:/Users/Farbo/Desktop/Uni_Stuff/Term_2/Logic_Circuits/Project/CPU_Cache_PR/CPU_Cache_PR.srcs/sources_1/imports/new/cache_tb.v} 64
close_sim
launch_simulation
source Cache_tb.tcl
step
add_bp {C:/Users/Farbo/Desktop/Uni_Stuff/Term_2/Logic_Circuits/Project/CPU_Cache_PR/CPU_Cache_PR.srcs/sources_1/imports/new/cache_tb.v} 63
remove_bps -file {C:/Users/Farbo/Desktop/Uni_Stuff/Term_2/Logic_Circuits/Project/CPU_Cache_PR/CPU_Cache_PR.srcs/sources_1/imports/new/cache_tb.v} -line 64
close_sim
launch_simulation
source Cache_tb.tcl
step
step
step
step
step
step
step
step
step
step
step
step
step
step
step
step
step
step
step
step
step
step
step
step
step
step
step
step
step
step
step
step
step
step
step
step
step
step
step
step
step
step
step
step
step
close_sim
launch_simulation
source Cache_tb.tcl
step
step
step
step
step
step
step
step
step
step
step
step
step
step
step
step
step
step
step
step
step
step
step
step
step
step
step
step
step
step
step
step
step
step
step
step
step
step
step
step
step
step
step
step
step
step
step
step
step
step
step
step
step
step
step
step
step
step
step
step
step
step
step
step
close_sim
launch_simulation
source Cache_tb.tcl
add_bp {C:/Users/Farbo/Desktop/Uni_Stuff/Term_2/Logic_Circuits/Project/CPU_Cache_PR/CPU_Cache_PR.srcs/sources_1/imports/new/cache_tb.v} 64
remove_bps -file {C:/Users/Farbo/Desktop/Uni_Stuff/Term_2/Logic_Circuits/Project/CPU_Cache_PR/CPU_Cache_PR.srcs/sources_1/imports/new/cache_tb.v} -line 63
close_sim
launch_simulation
source Cache_tb.tcl
step
close_sim
launch_simulation
source Cache_tb.tcl
step
close_sim
launch_simulation
source Cache_tb.tcl
step
step
step
step
step
step
step
remove_bps -file {C:/Users/Farbo/Desktop/Uni_Stuff/Term_2/Logic_Circuits/Project/CPU_Cache_PR/CPU_Cache_PR.srcs/sources_1/imports/new/cache_tb.v} -line 64
close_sim
launch_simulation
source Cache_tb.tcl
synth_design -rtl -name rtl_1
close_design
set_property is_global_include true [get_files  C:/Users/Farbo/Desktop/Uni_Stuff/Term_2/Logic_Circuits/Project/CPU_Cache_PR/CPU_Cache_PR.srcs/sources_1/imports/new/main.v]
close_sim
set_property is_global_include false [get_files  C:/Users/Farbo/Desktop/Uni_Stuff/Term_2/Logic_Circuits/Project/CPU_Cache_PR/CPU_Cache_PR.srcs/sources_1/imports/new/main.v]
