#-----------------------------------------------------------
# Vivado v2019.1 (64-bit)
# SW Build 2552052 on Fri May 24 14:49:42 MDT 2019
# IP Build 2548770 on Fri May 24 18:01:18 MDT 2019
# Start of session at: Thu Aug 14 17:30:30 2025
# Process ID: 13088
# Current directory: C:/Users/Farbo/Desktop/Uni Stuff/Term 2/Logic Circuits/Project/LogicCircuits_Project_CPU_Cache
# Command line: vivado.exe -gui_launcher_event rodinguilauncherevent4748 C:\Users\Farbo\Desktop\Uni Stuff\Term 2\Logic Circuits\Project\LogicCircuits_Project_CPU_Cache\LogicCircuits_Project_CPU_Cache.xpr
# Log file: C:/Users/Farbo/Desktop/Uni Stuff/Term 2/Logic Circuits/Project/LogicCircuits_Project_CPU_Cache/vivado.log
# Journal file: C:/Users/Farbo/Desktop/Uni Stuff/Term 2/Logic Circuits/Project/LogicCircuits_Project_CPU_Cache\vivado.jou
#-----------------------------------------------------------
start_gui
open_project {C:/Users/Farbo/Desktop/Uni Stuff/Term 2/Logic Circuits/Project/LogicCircuits_Project_CPU_Cache/LogicCircuits_Project_CPU_Cache.xpr}
update_compile_order -fileset sources_1
launch_simulation
source cache_handler.tcl
close_sim
launch_simulation
source cache_handler.tcl
close_sim
launch_simulation
source cache_handler.tcl
close_sim
launch_simulation
source cache_handler.tcl
close_sim
launch_simulation
source cache_handler.tcl
close_sim
launch_simulation
source cache_handler.tcl
synth_design -rtl -name rtl_1
close_sim
launch_simulation
source cache_handler.tcl
close_sim
synth_design -rtl -name rtl_1
